22:12:24 **** Incremental Build of configuration Debug for project nlms_hw_tests ****
make all 
make --no-print-directory pre-build
a9-linaro-pre-build-step
' '
make --no-print-directory main-build
'Building file: ../src/main.c'
'Invoking: ARM v7 gcc compiler'
arm-none-eabi-gcc -Wall -O0 -g3 -c -fmessage-length=0 -MT"src/main.o" -mcpu=cortex-a9 -mfpu=vfpv3 -mfloat-abi=hard -ID:/fpga_projects/SDUP/projekt/vitis_ws_hw/nlms_hw_system_wrapper/export/nlms_hw_system_wrapper/sw/nlms_hw_system_wrapper/standalone_ps7_cortexa9_0/bspinclude/include -MMD -MP -MF"src/main.d" -MT"src/main.o" -o "src/main.o" "../src/main.c"
In file included from ../src/main.c:5:
../src/main.c: In function 'main':
D:/fpga_projects/SDUP/projekt/vitis_ws_hw/nlms_hw_system_wrapper/export/nlms_hw_system_wrapper/sw/nlms_hw_system_wrapper/standalone_ps7_cortexa9_0/bspinclude/include/xparameters.h:49:45: warning: initialization of 'int32_t *' {aka 'long int *'} from 'unsigned int' makes pointer from integer without a cast [-Wint-conversion]
   49 | #define XPAR_AXI_BRAM_CTRL_0_S_AXI_BASEADDR 0x40000000U
      |                                             ^~~~~~~~~~~
../src/main.c:39:35: note: in expansion of macro 'XPAR_AXI_BRAM_CTRL_0_S_AXI_BASEADDR'
   39 |         int32_t* nlms_base_addr = XPAR_AXI_BRAM_CTRL_0_S_AXI_BASEADDR;
      |                                   ^~~~~~~~~~~~~~~~~~~~~~~~~~~~~~~~~~~
'Finished building: ../src/main.c'
' '
'Building target: nlms_hw_tests.elf'
'Invoking: ARM v7 gcc linker'
arm-none-eabi-gcc -mcpu=cortex-a9 -mfpu=vfpv3 -mfloat-abi=hard -Wl,-build-id=none -specs=Xilinx.spec -Wl,-T -Wl,../src/lscript.ld -LD:/fpga_projects/SDUP/projekt/vitis_ws_hw/nlms_hw_system_wrapper/export/nlms_hw_system_wrapper/sw/nlms_hw_system_wrapper/standalone_ps7_cortexa9_0/bsplib/lib -o "nlms_hw_tests.elf"  ./src/main.o   -lm -Wl,--start-group,-lxil,-lgcc,-lc,--end-group
'Finished building target: nlms_hw_tests.elf'
' '
'Invoking: ARM v7 Print Size'
arm-none-eabi-size nlms_hw_tests.elf  |tee "nlms_hw_tests.elf.size"
   text	   data	    bss	    dec	    hex	filename
  26925	   1144	  22568	  50637	   c5cd	nlms_hw_tests.elf
'Finished building: nlms_hw_tests.elf.size'
' '

22:12:25 Build Finished (took 1s.194ms)

