#-----------------------------------------------------------
# Vivado v2022.2 (64-bit)
# SW Build 3671981 on Fri Oct 14 05:00:03 MDT 2022
# IP Build 3669848 on Fri Oct 14 08:30:02 MDT 2022
# Start of session at: Sun Jun 18 14:20:56 2023
# Process ID: 29888
# Current directory: D:/fpga_projects/SDUP/projekt/nlms_acc_hw/nlms_acc_hw.runs/nlms_hw_system_nlms_top_0_0_synth_1
# Command line: vivado.exe -log nlms_hw_system_nlms_top_0_0.vds -product Vivado -mode batch -messageDb vivado.pb -notrace -source nlms_hw_system_nlms_top_0_0.tcl
# Log file: D:/fpga_projects/SDUP/projekt/nlms_acc_hw/nlms_acc_hw.runs/nlms_hw_system_nlms_top_0_0_synth_1/nlms_hw_system_nlms_top_0_0.vds
# Journal file: D:/fpga_projects/SDUP/projekt/nlms_acc_hw/nlms_acc_hw.runs/nlms_hw_system_nlms_top_0_0_synth_1\vivado.jou
# Running On: DESKTOP-P6SHRJL, OS: Windows, CPU Frequency: 2208 MHz, CPU Physical cores: 6, Host memory: 17047 MB
#-----------------------------------------------------------
source nlms_hw_system_nlms_top_0_0.tcl -notrace
