Copyright 1986-2022 Xilinx, Inc. All Rights Reserved.
---------------------------------------------------------------------------------------------------
| Tool Version : Vivado v.2022.2 (win64) Build 3671981 Fri Oct 14 05:00:03 MDT 2022
| Date         : Sun Jun 18 14:31:46 2023
| Host         : DESKTOP-P6SHRJL running 64-bit major release  (build 9200)
| Command      : report_control_sets -verbose -file nlms_hw_system_wrapper_control_sets_placed.rpt
| Design       : nlms_hw_system_wrapper
| Device       : xc7z007s
---------------------------------------------------------------------------------------------------

Control Set Information

Table of Contents
-----------------
1. Summary
2. Histogram
3. Flip-Flop Distribution
4. Detailed Control Set Information

1. Summary
----------

+----------------------------------------------------------+-------+
|                          Status                          | Count |
+----------------------------------------------------------+-------+
| Total control sets                                       |   153 |
|    Minimum number of control sets                        |   153 |
|    Addition due to synthesis replication                 |     0 |
|    Addition due to physical synthesis replication        |     0 |
| Unused register locations in slices containing registers |   497 |
+----------------------------------------------------------+-------+
* Control sets can be merged at opt_design using control_set_merge or merge_equivalent_drivers
** Run report_qor_suggestions for automated merging and remapping suggestions


2. Histogram
------------

+--------------------+-------+
|       Fanout       | Count |
+--------------------+-------+
| Total control sets |   153 |
| >= 0 to < 4        |    24 |
| >= 4 to < 6        |    31 |
| >= 6 to < 8        |    10 |
| >= 8 to < 10       |    17 |
| >= 10 to < 12      |     5 |
| >= 12 to < 14      |    14 |
| >= 14 to < 16      |     0 |
| >= 16              |    52 |
+--------------------+-------+
* Control sets can be remapped at either synth_design or opt_design


3. Flip-Flop Distribution
-------------------------

+--------------+-----------------------+------------------------+-----------------+--------------+
| Clock Enable | Synchronous Set/Reset | Asynchronous Set/Reset | Total Registers | Total Slices |
+--------------+-----------------------+------------------------+-----------------+--------------+
| No           | No                    | No                     |             118 |           56 |
| No           | No                    | Yes                    |             238 |           79 |
| No           | Yes                   | No                     |             129 |           74 |
| Yes          | No                    | No                     |             508 |          146 |
| Yes          | No                    | Yes                    |             794 |          255 |
| Yes          | Yes                   | No                     |             444 |          146 |
+--------------+-----------------------+------------------------+-----------------+--------------+


4. Detailed Control Set Information
-----------------------------------

+-------------------------------------------------------+-------------------------------------------------------------------------------------------------------------------------------------------------------------------------------------------------------------+------------------------------------------------------------------------------------------------------------------------------------------------------------------------------------------------+------------------+----------------+--------------+
|                      Clock Signal                     |                                                                                                Enable Signal                                                                                                |                                                                                        Set/Reset Signal                                                                                        | Slice Load Count | Bel Load Count | Bels / Slice |
+-------------------------------------------------------+-------------------------------------------------------------------------------------------------------------------------------------------------------------------------------------------------------------+------------------------------------------------------------------------------------------------------------------------------------------------------------------------------------------------+------------------+----------------+--------------+
|  nlms_hw_system_i/processing_system7_0/inst/FCLK_CLK0 |                                                                                                                                                                                                             | nlms_hw_system_i/axi_smc/inst/s00_nodes/s00_b_node/inst/mi_handler_m_sc_areset                                                                                                                 |                1 |              1 |         1.00 |
|  nlms_hw_system_i/processing_system7_0/inst/FCLK_CLK0 |                                                                                                                                                                                                             | nlms_hw_system_i/axi_smc/inst/s00_nodes/s00_w_node/inst/s_sc_areset_pipe                                                                                                                       |                1 |              1 |         1.00 |
|  nlms_hw_system_i/processing_system7_0/inst/FCLK_CLK0 |                                                                                                                                                                                                             | nlms_hw_system_i/axi_smc/inst/s00_nodes/s00_w_node/inst/mi_handler_m_sc_areset                                                                                                                 |                1 |              1 |         1.00 |
|  nlms_hw_system_i/processing_system7_0/inst/FCLK_CLK0 | nlms_hw_system_i/axi_bram_ctrl_0/U0/gext_inst.abcv4_0_ext_inst/GEN_AXI4.I_FULL_AXI/I_RD_CHNL/GEN_NO_RD_CMD_OPT.I_WRAP_BRST/GEN_AWREADY.axi_aresetn_d3_reg                                                   | nlms_hw_system_i/axi_bram_ctrl_0/U0/gext_inst.abcv4_0_ext_inst/GEN_AXI4.I_FULL_AXI/I_RD_CHNL/GEN_NO_RD_CMD_OPT.I_WRAP_BRST/SR[0]                                                               |                1 |              1 |         1.00 |
|  nlms_hw_system_i/processing_system7_0/inst/FCLK_CLK0 |                                                                                                                                                                                                             | nlms_hw_system_i/axi_smc/inst/s00_nodes/s00_ar_node/inst/s_sc_areset_pipe                                                                                                                      |                1 |              1 |         1.00 |
|  nlms_hw_system_i/processing_system7_0/inst/FCLK_CLK0 |                                                                                                                                                                                                             | nlms_hw_system_i/axi_smc/inst/s00_nodes/s00_ar_node/inst/mi_handler_m_sc_areset                                                                                                                |                1 |              1 |         1.00 |
|  nlms_hw_system_i/processing_system7_0/inst/FCLK_CLK0 |                                                                                                                                                                                                             | nlms_hw_system_i/axi_smc/inst/s00_nodes/s00_aw_node/inst/mi_handler_m_sc_areset                                                                                                                |                1 |              1 |         1.00 |
|  nlms_hw_system_i/processing_system7_0/inst/FCLK_CLK0 |                                                                                                                                                                                                             | nlms_hw_system_i/axi_smc/inst/s00_nodes/s00_aw_node/inst/s_sc_areset_pipe                                                                                                                      |                1 |              1 |         1.00 |
|  nlms_hw_system_i/processing_system7_0/inst/FCLK_CLK0 | nlms_hw_system_i/axi_smc/inst/m00_exit_pipeline/m00_exit/inst/exit_inst/gen_w_cmd_fifo.w_cmd_fifo/gen_srls[1].srl_nx1/shift                                                                                 |                                                                                                                                                                                                |                1 |              1 |         1.00 |
|  nlms_hw_system_i/processing_system7_0/inst/FCLK_CLK0 |                                                                                                                                                                                                             | nlms_hw_system_i/axi_smc/inst/s00_nodes/s00_b_node/inst/s_sc_areset_pipe                                                                                                                       |                1 |              1 |         1.00 |
|  nlms_hw_system_i/processing_system7_0/inst/FCLK_CLK0 |                                                                                                                                                                                                             | nlms_hw_system_i/axi_smc/inst/s00_nodes/s00_r_node/inst/s_sc_areset_pipe                                                                                                                       |                1 |              1 |         1.00 |
|  nlms_hw_system_i/processing_system7_0/inst/FCLK_CLK0 |                                                                                                                                                                                                             | nlms_hw_system_i/axi_smc/inst/s00_nodes/s00_r_node/inst/mi_handler_m_sc_areset                                                                                                                 |                1 |              1 |         1.00 |
|  nlms_hw_system_i/processing_system7_0/inst/FCLK_CLK0 |                                                                                                                                                                                                             | nlms_hw_system_i/axi_smc/inst/s00_entry_pipeline/s00_mmu/inst/xpm_cdc_async_rst_inst/reset_pol                                                                                                 |                1 |              3 |         3.00 |
|  nlms_hw_system_i/processing_system7_0/inst/FCLK_CLK0 |                                                                                                                                                                                                             | nlms_hw_system_i/axi_smc/inst/s00_nodes/s00_w_node/inst/s_sc_xpm_cdc_async_rst_inst/reset_pol                                                                                                  |                1 |              3 |         3.00 |
|  nlms_hw_system_i/processing_system7_0/inst/FCLK_CLK0 |                                                                                                                                                                                                             | nlms_hw_system_i/axi_smc/inst/m00_exit_pipeline/m00_exit/inst/xpm_cdc_async_rst_inst/reset_pol                                                                                                 |                1 |              3 |         3.00 |
|  nlms_hw_system_i/processing_system7_0/inst/FCLK_CLK0 | nlms_hw_system_i/nlms_top_0/inst/DUT/nlms_datapath_INST/multipliers_INST/MUL_N_GEN[3].mul_n/in_type_res_stage_out_valid_r_reg_0                                                                             | nlms_hw_system_i/axi_bram_ctrl_0/U0/gext_inst.abcv4_0_ext_inst/GEN_AXI4.I_FULL_AXI/I_RD_CHNL/GEN_NO_RD_CMD_OPT.I_WRAP_BRST/SR[0]                                                               |                2 |              3 |         1.50 |
|  nlms_hw_system_i/processing_system7_0/inst/FCLK_CLK0 |                                                                                                                                                                                                             | nlms_hw_system_i/axi_smc/inst/s00_entry_pipeline/s00_si_converter/inst/xpm_cdc_async_rst_inst/reset_pol                                                                                        |                1 |              3 |         3.00 |
|  nlms_hw_system_i/processing_system7_0/inst/FCLK_CLK0 |                                                                                                                                                                                                             | nlms_hw_system_i/axi_smc/inst/s00_nodes/s00_b_node/inst/s_sc_xpm_cdc_async_rst_inst/reset_pol                                                                                                  |                1 |              3 |         3.00 |
|  nlms_hw_system_i/processing_system7_0/inst/FCLK_CLK0 |                                                                                                                                                                                                             | nlms_hw_system_i/axi_smc/inst/s00_entry_pipeline/s00_transaction_regulator/inst/xpm_cdc_async_rst_inst/reset_pol                                                                               |                1 |              3 |         3.00 |
|  nlms_hw_system_i/processing_system7_0/inst/FCLK_CLK0 | nlms_hw_system_i/axi_smc/inst/s00_entry_pipeline/s00_si_converter/inst/gen_normal.splitter_inst/gen_no_wsplitter.gen_endpoint_woffset.gen_wbypass_offset_fifo.wbypass_offset_fifo/gen_srls[6].srl_nx1/shift |                                                                                                                                                                                                |                1 |              3 |         3.00 |
|  nlms_hw_system_i/processing_system7_0/inst/FCLK_CLK0 |                                                                                                                                                                                                             | nlms_hw_system_i/axi_smc/inst/s00_nodes/s00_ar_node/inst/s_sc_xpm_cdc_async_rst_inst/reset_pol                                                                                                 |                1 |              3 |         3.00 |
|  nlms_hw_system_i/processing_system7_0/inst/FCLK_CLK0 |                                                                                                                                                                                                             | nlms_hw_system_i/axi_smc/inst/s00_nodes/s00_aw_node/inst/s_sc_xpm_cdc_async_rst_inst/reset_pol                                                                                                 |                1 |              3 |         3.00 |
|  nlms_hw_system_i/processing_system7_0/inst/FCLK_CLK0 | nlms_hw_system_i/axi_smc/inst/s00_entry_pipeline/s00_si_converter/inst/converter.wrap_narrow_inst/w_payld_fifo/w_subst_mask_reg[3][1]                                                                       |                                                                                                                                                                                                |                1 |              3 |         3.00 |
|  nlms_hw_system_i/processing_system7_0/inst/FCLK_CLK0 |                                                                                                                                                                                                             | nlms_hw_system_i/axi_smc/inst/s00_nodes/s00_r_node/inst/s_sc_xpm_cdc_async_rst_inst/reset_pol                                                                                                  |                1 |              3 |         3.00 |
|  nlms_hw_system_i/processing_system7_0/inst/FCLK_CLK0 | nlms_hw_system_i/axi_smc/inst/s00_entry_pipeline/s00_si_converter/inst/converter.wrap_narrow_inst/w_payld_fifo/cmd_fifo/fifoaddr[3]_i_1__3_n_0                                                              | nlms_hw_system_i/axi_smc/inst/s00_entry_pipeline/s00_si_converter/inst/areset                                                                                                                  |                2 |              4 |         2.00 |
|  nlms_hw_system_i/processing_system7_0/inst/FCLK_CLK0 | nlms_hw_system_i/axi_bram_ctrl_0/U0/gext_inst.abcv4_0_ext_inst/GEN_AXI4.I_FULL_AXI/I_RD_CHNL/FSM_sequential_GEN_NO_RD_CMD_OPT.rd_data_sm_cs[3]_i_1_n_0                                                      | nlms_hw_system_i/axi_bram_ctrl_0/U0/gext_inst.abcv4_0_ext_inst/GEN_AXI4.I_FULL_AXI/I_RD_CHNL/GEN_NO_RD_CMD_OPT.I_WRAP_BRST/SR[0]                                                               |                3 |              4 |         1.33 |
|  nlms_hw_system_i/processing_system7_0/inst/FCLK_CLK0 |                                                                                                                                                                                                             | nlms_hw_system_i/axi_smc/inst/clk_map/psr_aclk/U0/EXT_LPF/lpf_int                                                                                                                              |                1 |              4 |         4.00 |
|  nlms_hw_system_i/processing_system7_0/inst/FCLK_CLK0 |                                                                                                                                                                                                             | nlms_hw_system_i/axi_bram_ctrl_0/U0/gext_inst.abcv4_0_ext_inst/GEN_AXI4.I_FULL_AXI/I_WR_CHNL/GEN_AWREADY.axi_aresetn_d3_reg_0                                                                  |                3 |              4 |         1.33 |
|  nlms_hw_system_i/processing_system7_0/inst/FCLK_CLK0 | nlms_hw_system_i/axi_smc/inst/s00_entry_pipeline/s00_si_converter/inst/converter.wrap_narrow_inst/gen_thread_loop[0].r_cmd_fifo/fifoaddr[3]_i_1__0_n_0                                                      | nlms_hw_system_i/axi_smc/inst/s00_entry_pipeline/s00_si_converter/inst/areset                                                                                                                  |                1 |              4 |         4.00 |
|  nlms_hw_system_i/processing_system7_0/inst/FCLK_CLK0 | nlms_hw_system_i/axi_smc/inst/s00_entry_pipeline/s00_si_converter/inst/converter.wrap_narrow_inst/w_cmd_fifo/fifoaddr[3]_i_1__2_n_0                                                                         | nlms_hw_system_i/axi_smc/inst/s00_entry_pipeline/s00_si_converter/inst/areset                                                                                                                  |                1 |              4 |         4.00 |
|  nlms_hw_system_i/processing_system7_0/inst/FCLK_CLK0 | nlms_hw_system_i/axi_smc/inst/s00_entry_pipeline/s00_transaction_regulator/inst/gen_endpoint.gen_w_singleorder.w_singleorder/gen_id_fifo.singleorder_fifo/fifoaddr[3]_i_1_n_0                               | nlms_hw_system_i/axi_smc/inst/s00_entry_pipeline/s00_transaction_regulator/inst/areset                                                                                                         |                2 |              4 |         2.00 |
|  nlms_hw_system_i/processing_system7_0/inst/FCLK_CLK0 | nlms_hw_system_i/axi_smc/inst/m00_exit_pipeline/m00_exit/inst/exit_inst/gen_r_cmd_fifo.r_cmd_fifo/gen_pipelined.load_mesg                                                                                   |                                                                                                                                                                                                |                1 |              4 |         4.00 |
|  nlms_hw_system_i/processing_system7_0/inst/FCLK_CLK0 |                                                                                                                                                                                                             | nlms_hw_system_i/rst_ps7_0_50M/U0/EXT_LPF/lpf_int                                                                                                                                              |                2 |              4 |         2.00 |
|  nlms_hw_system_i/processing_system7_0/inst/FCLK_CLK0 | nlms_hw_system_i/axi_smc/inst/s00_entry_pipeline/s00_si_converter/inst/converter.wrap_narrow_inst/w_payld_fifo/w_payld_push_d0                                                                              | nlms_hw_system_i/axi_smc/inst/s00_entry_pipeline/s00_si_converter/inst/areset                                                                                                                  |                2 |              4 |         2.00 |
|  nlms_hw_system_i/processing_system7_0/inst/FCLK_CLK0 | nlms_hw_system_i/axi_smc/inst/s00_entry_pipeline/s00_transaction_regulator/inst/gen_endpoint.gen_r_singleorder.r_singleorder/gen_id_fifo.singleorder_fifo/fifoaddr[3]_i_1__0_n_0                            | nlms_hw_system_i/axi_smc/inst/s00_entry_pipeline/s00_transaction_regulator/inst/areset                                                                                                         |                1 |              4 |         4.00 |
|  nlms_hw_system_i/processing_system7_0/inst/FCLK_CLK0 | nlms_hw_system_i/axi_smc/inst/m00_exit_pipeline/m00_exit/inst/exit_inst/gen_r_cmd_fifo.r_cmd_fifo/fifoaddr[3]_i_1_n_0                                                                                       | nlms_hw_system_i/axi_smc/inst/m00_exit_pipeline/m00_exit/inst/areset                                                                                                                           |                1 |              4 |         4.00 |
|  nlms_hw_system_i/processing_system7_0/inst/FCLK_CLK0 | nlms_hw_system_i/axi_smc/inst/m00_exit_pipeline/m00_exit/inst/exit_inst/gen_w_cmd_fifo.w_cmd_fifo/fifoaddr[3]_i_1__0_n_0                                                                                    | nlms_hw_system_i/axi_smc/inst/m00_exit_pipeline/m00_exit/inst/areset                                                                                                                           |                2 |              4 |         2.00 |
|  nlms_hw_system_i/processing_system7_0/inst/FCLK_CLK0 | nlms_hw_system_i/axi_smc/inst/s00_entry_pipeline/s00_si_converter/inst/converter.wrap_narrow_inst/gen_thread_loop[0].r_payld_fifo/E[0]                                                                      | nlms_hw_system_i/axi_smc/inst/s00_entry_pipeline/s00_si_converter/inst/areset                                                                                                                  |                2 |              4 |         2.00 |
|  nlms_hw_system_i/processing_system7_0/inst/FCLK_CLK0 | nlms_hw_system_i/axi_smc/inst/s00_entry_pipeline/s00_si_converter/inst/converter.wrap_narrow_inst/gen_thread_loop[0].r_payld_fifo/cmd_fifo/E[0]                                                             |                                                                                                                                                                                                |                1 |              4 |         4.00 |
|  nlms_hw_system_i/processing_system7_0/inst/FCLK_CLK0 | nlms_hw_system_i/axi_smc/inst/s00_entry_pipeline/s00_si_converter/inst/converter.wrap_narrow_inst/gen_thread_loop[0].r_payld_fifo/cmd_fifo/fifoaddr[3]_i_1__5_n_0                                           | nlms_hw_system_i/axi_smc/inst/s00_entry_pipeline/s00_si_converter/inst/areset                                                                                                                  |                2 |              4 |         2.00 |
|  nlms_hw_system_i/processing_system7_0/inst/FCLK_CLK0 | nlms_hw_system_i/axi_smc/inst/s00_entry_pipeline/s00_si_converter/inst/gen_normal.splitter_inst/gen_no_wsplitter.gen_endpoint_woffset.gen_wbypass_offset_fifo.wbypass_offset_fifo/fifoaddr[3]_i_1_n_0       | nlms_hw_system_i/axi_smc/inst/s00_entry_pipeline/s00_si_converter/inst/areset                                                                                                                  |                1 |              4 |         4.00 |
|  nlms_hw_system_i/processing_system7_0/inst/FCLK_CLK0 | nlms_hw_system_i/axi_bram_ctrl_0/U0/gext_inst.abcv4_0_ext_inst/GEN_AXI4.I_FULL_AXI/I_WR_CHNL/wrdata_reg_ld                                                                                                  | nlms_hw_system_i/axi_bram_ctrl_0/U0/gext_inst.abcv4_0_ext_inst/GEN_AXI4.I_FULL_AXI/I_WR_CHNL/GEN_WR_NO_ECC.bram_we_int[3]_i_1_n_0                                                              |                1 |              4 |         4.00 |
|  nlms_hw_system_i/processing_system7_0/inst/FCLK_CLK0 | nlms_hw_system_i/axi_smc/inst/m00_exit_pipeline/m00_exit/inst/exit_inst/gen_r_cmd_fifo.r_cmd_fifo/gen_srls[15].srl_nx1/shift                                                                                |                                                                                                                                                                                                |                1 |              4 |         4.00 |
|  nlms_hw_system_i/processing_system7_0/inst/FCLK_CLK0 | nlms_hw_system_i/axi_smc/inst/s00_entry_pipeline/s00_si_converter/inst/converter.wrap_narrow_inst/w_payld_fifo/cmd_fifo/E[0]                                                                                |                                                                                                                                                                                                |                2 |              4 |         2.00 |
|  nlms_hw_system_i/processing_system7_0/inst/FCLK_CLK0 | nlms_hw_system_i/axi_smc/inst/s00_entry_pipeline/s00_mmu/inst/ar_reg_stall/E[0]                                                                                                                             | nlms_hw_system_i/axi_smc/inst/s00_entry_pipeline/s00_mmu/inst/areset                                                                                                                           |                2 |              5 |         2.50 |
|  nlms_hw_system_i/processing_system7_0/inst/FCLK_CLK0 | nlms_hw_system_i/axi_smc/inst/s00_entry_pipeline/s00_si_converter/inst/converter.wrap_narrow_inst/gen_thread_loop[0].r_payld_fifo/fifoaddr[4]_i_1_n_0                                                       | nlms_hw_system_i/axi_smc/inst/s00_entry_pipeline/s00_si_converter/inst/areset                                                                                                                  |                4 |              5 |         1.25 |
|  nlms_hw_system_i/processing_system7_0/inst/FCLK_CLK0 | nlms_hw_system_i/axi_smc/inst/s00_entry_pipeline/s00_mmu/inst/gen_endpoint.w_cnt[4]_i_1_n_0                                                                                                                 | nlms_hw_system_i/axi_smc/inst/s00_entry_pipeline/s00_mmu/inst/areset_d                                                                                                                         |                2 |              5 |         2.50 |
|  nlms_hw_system_i/processing_system7_0/inst/FCLK_CLK0 | nlms_hw_system_i/axi_smc/inst/s00_entry_pipeline/s00_si_converter/inst/converter.wrap_narrow_inst/w_payld_fifo/w_subst_mask_reg[3][2]                                                                       |                                                                                                                                                                                                |                2 |              5 |         2.50 |
|  nlms_hw_system_i/processing_system7_0/inst/FCLK_CLK0 | nlms_hw_system_i/axi_smc/inst/s00_entry_pipeline/s00_mmu/inst/gen_endpoint.b_cnt[4]_i_1_n_0                                                                                                                 | nlms_hw_system_i/axi_smc/inst/s00_entry_pipeline/s00_mmu/inst/areset_d                                                                                                                         |                2 |              5 |         2.50 |
|  nlms_hw_system_i/processing_system7_0/inst/FCLK_CLK0 | nlms_hw_system_i/axi_smc/inst/s00_entry_pipeline/s00_si_converter/inst/converter.wrap_narrow_inst/w_payld_fifo/fifoaddr[4]_i_1__0_n_0                                                                       | nlms_hw_system_i/axi_smc/inst/s00_entry_pipeline/s00_si_converter/inst/areset                                                                                                                  |                3 |              5 |         1.67 |
|  nlms_hw_system_i/processing_system7_0/inst/FCLK_CLK0 | nlms_hw_system_i/nlms_top_0/inst/DUT/nlms_int_buff_control_INST/nlms_h_fetch_manager_INST/h_buff_raddr_en_c                                                                                                 | nlms_hw_system_i/axi_bram_ctrl_0/U0/gext_inst.abcv4_0_ext_inst/GEN_AXI4.I_FULL_AXI/I_RD_CHNL/GEN_NO_RD_CMD_OPT.I_WRAP_BRST/SR[0]                                                               |                2 |              5 |         2.50 |
|  nlms_hw_system_i/processing_system7_0/inst/FCLK_CLK0 | nlms_hw_system_i/nlms_top_0/inst/DUT/nlms_int_buff_control_INST/nlms_h_write_manager_INST/written_blocks_cnt_en_c                                                                                           | nlms_hw_system_i/axi_bram_ctrl_0/U0/gext_inst.abcv4_0_ext_inst/GEN_AXI4.I_FULL_AXI/I_RD_CHNL/GEN_NO_RD_CMD_OPT.I_WRAP_BRST/SR[0]                                                               |                2 |              5 |         2.50 |
|  nlms_hw_system_i/processing_system7_0/inst/FCLK_CLK0 | nlms_hw_system_i/nlms_top_0/inst/DUT/nlms_int_buff_control_INST/x_fifo_buff_INST/fifo_read_samples_cnt_en_c0                                                                                                | nlms_hw_system_i/axi_bram_ctrl_0/U0/gext_inst.abcv4_0_ext_inst/GEN_AXI4.I_FULL_AXI/I_RD_CHNL/GEN_NO_RD_CMD_OPT.I_WRAP_BRST/SR[0]                                                               |                1 |              5 |         5.00 |
|  nlms_hw_system_i/processing_system7_0/inst/FCLK_CLK0 | nlms_hw_system_i/nlms_top_0/inst/DUT/nlms_int_buff_control_INST/x_fifo_buff_INST/fifo_raddr_en_c                                                                                                            | nlms_hw_system_i/axi_bram_ctrl_0/U0/gext_inst.abcv4_0_ext_inst/GEN_AXI4.I_FULL_AXI/I_RD_CHNL/GEN_NO_RD_CMD_OPT.I_WRAP_BRST/SR[0]                                                               |                2 |              5 |         2.50 |
|  nlms_hw_system_i/processing_system7_0/inst/FCLK_CLK0 | nlms_hw_system_i/nlms_top_0/inst/DUT/nlms_system_write_INST/access_to_h_coef_blocks_count_reg_c                                                                                                             | nlms_hw_system_i/axi_bram_ctrl_0/U0/gext_inst.abcv4_0_ext_inst/GEN_AXI4.I_FULL_AXI/I_RD_CHNL/GEN_NO_RD_CMD_OPT.I_WRAP_BRST/SR[0]                                                               |                2 |              5 |         2.50 |
|  nlms_hw_system_i/processing_system7_0/inst/FCLK_CLK0 |                                                                                                                                                                                                             | nlms_hw_system_i/axi_smc/inst/m00_exit_pipeline/m00_exit/inst/areset                                                                                                                           |                2 |              6 |         3.00 |
|  nlms_hw_system_i/processing_system7_0/inst/FCLK_CLK0 |                                                                                                                                                                                                             | nlms_hw_system_i/axi_smc/inst/s00_entry_pipeline/s00_transaction_regulator/inst/areset                                                                                                         |                2 |              6 |         3.00 |
|  nlms_hw_system_i/processing_system7_0/inst/FCLK_CLK0 | nlms_hw_system_i/axi_smc/inst/clk_map/psr_aclk/U0/SEQ/seq_cnt_en                                                                                                                                            | nlms_hw_system_i/axi_smc/inst/clk_map/psr_aclk/U0/SEQ/SEQ_COUNTER/clear                                                                                                                        |                1 |              6 |         6.00 |
|  nlms_hw_system_i/processing_system7_0/inst/FCLK_CLK0 | nlms_hw_system_i/axi_smc/inst/s00_entry_pipeline/s00_si_converter/inst/converter.wrap_narrow_inst/w_payld_fifo/w_accum_continue1                                                                            |                                                                                                                                                                                                |                4 |              6 |         1.50 |
|  nlms_hw_system_i/processing_system7_0/inst/FCLK_CLK0 | nlms_hw_system_i/rst_ps7_0_50M/U0/SEQ/seq_cnt_en                                                                                                                                                            | nlms_hw_system_i/rst_ps7_0_50M/U0/SEQ/SEQ_COUNTER/clear                                                                                                                                        |                1 |              6 |         6.00 |
|  nlms_hw_system_i/processing_system7_0/inst/FCLK_CLK0 | nlms_hw_system_i/nlms_top_0/inst/DUT/nlms_flow_control_INST/E[0]                                                                                                                                            | nlms_hw_system_i/axi_bram_ctrl_0/U0/gext_inst.abcv4_0_ext_inst/GEN_AXI4.I_FULL_AXI/I_RD_CHNL/GEN_NO_RD_CMD_OPT.I_WRAP_BRST/SR[0]                                                               |                2 |              7 |         3.50 |
|  nlms_hw_system_i/processing_system7_0/inst/FCLK_CLK0 | nlms_hw_system_i/nlms_top_0/inst/DUT/nlms_system_write_INST/access_to_x_samples_count_reg_c                                                                                                                 | nlms_hw_system_i/axi_bram_ctrl_0/U0/gext_inst.abcv4_0_ext_inst/GEN_AXI4.I_FULL_AXI/I_RD_CHNL/GEN_NO_RD_CMD_OPT.I_WRAP_BRST/SR[0]                                                               |                2 |              7 |         3.50 |
|  nlms_hw_system_i/processing_system7_0/inst/FCLK_CLK0 | nlms_hw_system_i/nlms_top_0/inst/DUT/nlms_int_buff_control_INST/x_fifo_buff_INST/curr_x_d_sample_addr_en_c                                                                                                  | nlms_hw_system_i/axi_bram_ctrl_0/U0/gext_inst.abcv4_0_ext_inst/GEN_AXI4.I_FULL_AXI/I_RD_CHNL/GEN_NO_RD_CMD_OPT.I_WRAP_BRST/SR[0]                                                               |                2 |              7 |         3.50 |
|  nlms_hw_system_i/processing_system7_0/inst/FCLK_CLK0 | nlms_hw_system_i/nlms_top_0/inst/DUT/nlms_int_buff_control_INST/x_fifo_buff_INST/tran_FIFO_FSM_FETCH_SAMPLES__PUSH_TO_FIFO                                                                                  | nlms_hw_system_i/axi_bram_ctrl_0/U0/gext_inst.abcv4_0_ext_inst/GEN_AXI4.I_FULL_AXI/I_RD_CHNL/GEN_NO_RD_CMD_OPT.I_WRAP_BRST/SR[0]                                                               |                2 |              7 |         3.50 |
|  nlms_hw_system_i/processing_system7_0/inst/FCLK_CLK0 | nlms_hw_system_i/nlms_top_0/inst/DUT/nlms_system_write_INST/performed_iters_en_c                                                                                                                            | nlms_hw_system_i/axi_bram_ctrl_0/U0/gext_inst.abcv4_0_ext_inst/GEN_AXI4.I_FULL_AXI/I_RD_CHNL/GEN_NO_RD_CMD_OPT.I_WRAP_BRST/SR[0]                                                               |                2 |              7 |         3.50 |
|  nlms_hw_system_i/processing_system7_0/inst/FCLK_CLK0 | nlms_hw_system_i/axi_smc/inst/s00_entry_pipeline/s00_si_converter/inst/converter.wrap_narrow_inst/w_payld_fifo/cmd_fifo/gen_srls[11].srl_nx1/shift                                                          |                                                                                                                                                                                                |                2 |              8 |         4.00 |
|  nlms_hw_system_i/processing_system7_0/inst/FCLK_CLK0 | nlms_hw_system_i/axi_smc/inst/s00_entry_pipeline/s00_si_converter/inst/converter.wrap_narrow_inst/gen_thread_loop[0].r_payld_fifo/cmd_fifo/gen_pipelined.load_mesg                                          |                                                                                                                                                                                                |                4 |              8 |         2.00 |
|  nlms_hw_system_i/processing_system7_0/inst/FCLK_CLK0 | nlms_hw_system_i/axi_smc/inst/s00_entry_pipeline/s00_si_converter/inst/converter.wrap_narrow_inst/w_payld_fifo/cmd_fifo/gen_pipelined.load_mesg                                                             |                                                                                                                                                                                                |                3 |              8 |         2.67 |
|  nlms_hw_system_i/processing_system7_0/inst/FCLK_CLK0 | nlms_hw_system_i/axi_smc/inst/s00_entry_pipeline/s00_si_converter/inst/converter.wrap_narrow_inst/gen_thread_loop[0].r_payld_fifo/cmd_fifo/gen_srls[11].srl_nx1/shift                                       |                                                                                                                                                                                                |                2 |              8 |         4.00 |
|  nlms_hw_system_i/processing_system7_0/inst/FCLK_CLK0 | nlms_hw_system_i/axi_smc/inst/s00_entry_pipeline/s00_si_converter/inst/converter.wrap_narrow_inst/w_cmd_fifo/E[0]                                                                                           | nlms_hw_system_i/axi_smc/inst/s00_entry_pipeline/s00_si_converter/inst/areset                                                                                                                  |                3 |              8 |         2.67 |
|  nlms_hw_system_i/processing_system7_0/inst/FCLK_CLK0 | nlms_hw_system_i/axi_smc/inst/s00_entry_pipeline/s00_si_converter/inst/converter.wrap_narrow_inst/gen_thread_loop[0].r_payld_fifo/gen_thread_loop[0].rlast_i_reg[0][0]                                      | nlms_hw_system_i/axi_smc/inst/s00_entry_pipeline/s00_si_converter/inst/areset                                                                                                                  |                3 |              8 |         2.67 |
|  nlms_hw_system_i/processing_system7_0/inst/FCLK_CLK0 | nlms_hw_system_i/axi_smc/inst/s00_entry_pipeline/s00_mmu/inst/gen_endpoint.decerr_slave_inst/gen_axi.gen_read.read_cnt[7]_i_1_n_0                                                                           | nlms_hw_system_i/axi_smc/inst/s00_entry_pipeline/s00_mmu/inst/areset                                                                                                                           |                2 |              8 |         4.00 |
|  nlms_hw_system_i/processing_system7_0/inst/FCLK_CLK0 | nlms_hw_system_i/axi_smc/inst/s00_nodes/s00_b_node/inst/inst_mi_handler/gen_normal_area.inst_fifo_node_payld/gen_xpm_memory_fifo.inst_fifo/gen_mem_rep[0].inst_rd_addrb/rd_addrb_incr                       | nlms_hw_system_i/axi_smc/inst/s00_nodes/s00_b_node/inst/inst_mi_handler/m_sc_areset_r                                                                                                          |                4 |              8 |         2.00 |
|  nlms_hw_system_i/processing_system7_0/inst/FCLK_CLK0 | nlms_hw_system_i/axi_smc/inst/s00_nodes/s00_b_node/inst/inst_mi_handler/gen_normal_area.inst_fifo_node_payld/gen_xpm_memory_fifo.inst_fifo/wr_wea                                                           |                                                                                                                                                                                                |                1 |              8 |         8.00 |
|  nlms_hw_system_i/processing_system7_0/inst/FCLK_CLK0 | nlms_hw_system_i/axi_bram_ctrl_0/U0/gext_inst.abcv4_0_ext_inst/GEN_AXI4.I_FULL_AXI/I_RD_CHNL/GEN_NO_RD_CMD_OPT.brst_cnt[7]_i_1_n_0                                                                          | nlms_hw_system_i/axi_bram_ctrl_0/U0/gext_inst.abcv4_0_ext_inst/GEN_AXI4.I_FULL_AXI/I_RD_CHNL/GEN_NO_RD_CMD_OPT.I_WRAP_BRST/SR[0]                                                               |                3 |              8 |         2.67 |
|  nlms_hw_system_i/processing_system7_0/inst/FCLK_CLK0 | nlms_hw_system_i/axi_smc/inst/s00_entry_pipeline/s00_si_converter/inst/converter.wrap_narrow_inst/w_payld_fifo/cmd_fifo/last_beat_reg[0]                                                                    | nlms_hw_system_i/axi_smc/inst/s00_entry_pipeline/s00_si_converter/inst/areset                                                                                                                  |                3 |              9 |         3.00 |
|  nlms_hw_system_i/processing_system7_0/inst/FCLK_CLK0 | nlms_hw_system_i/axi_smc/inst/s00_entry_pipeline/s00_si_converter/inst/converter.wrap_narrow_inst/w_payld_fifo/cmd_fifo/last_pop                                                                            | nlms_hw_system_i/axi_smc/inst/s00_entry_pipeline/s00_si_converter/inst/areset                                                                                                                  |                3 |              9 |         3.00 |
|  nlms_hw_system_i/processing_system7_0/inst/FCLK_CLK0 | nlms_hw_system_i/axi_smc/inst/s00_entry_pipeline/s00_si_converter/inst/converter.wrap_narrow_inst/w_payld_fifo/w_subst_mask_reg[3][0]                                                                       |                                                                                                                                                                                                |                3 |              9 |         3.00 |
|  nlms_hw_system_i/processing_system7_0/inst/FCLK_CLK0 | nlms_hw_system_i/axi_smc/inst/s00_entry_pipeline/s00_si_converter/inst/converter.wrap_narrow_inst/gen_thread_loop[0].r_payld_fifo/cmd_fifo/last_beat_reg[0]                                                 | nlms_hw_system_i/axi_smc/inst/s00_entry_pipeline/s00_si_converter/inst/areset                                                                                                                  |                3 |              9 |         3.00 |
|  nlms_hw_system_i/processing_system7_0/inst/FCLK_CLK0 | nlms_hw_system_i/axi_smc/inst/s00_entry_pipeline/s00_si_converter/inst/converter.wrap_narrow_inst/gen_thread_loop[0].r_payld_fifo/cmd_fifo/last_pop                                                         | nlms_hw_system_i/axi_smc/inst/s00_entry_pipeline/s00_si_converter/inst/areset                                                                                                                  |                2 |              9 |         4.50 |
|  nlms_hw_system_i/processing_system7_0/inst/FCLK_CLK0 | nlms_hw_system_i/nlms_top_0/inst/DUT/nlms_system_write_INST/access_to_config_reg_c                                                                                                                          | nlms_hw_system_i/axi_bram_ctrl_0/U0/gext_inst.abcv4_0_ext_inst/GEN_AXI4.I_FULL_AXI/I_RD_CHNL/GEN_NO_RD_CMD_OPT.I_WRAP_BRST/SR[0]                                                               |                3 |              9 |         3.00 |
|  nlms_hw_system_i/processing_system7_0/inst/FCLK_CLK0 | nlms_hw_system_i/axi_smc/inst/s00_entry_pipeline/s00_si_converter/inst/converter.wrap_narrow_inst/w_payld_fifo/w_accum_continue_d_reg                                                                       | nlms_hw_system_i/axi_smc/inst/s00_entry_pipeline/s00_si_converter/inst/converter.wrap_narrow_inst/w_payld_fifo/s_ready_i_reg_0                                                                 |                2 |              9 |         4.50 |
|  nlms_hw_system_i/processing_system7_0/inst/FCLK_CLK0 | nlms_hw_system_i/axi_bram_ctrl_0/U0/gext_inst.abcv4_0_ext_inst/GEN_AXI4.I_FULL_AXI/I_RD_CHNL/GEN_NO_RD_CMD_OPT.I_WRAP_BRST/E[0]                                                                             |                                                                                                                                                                                                |                5 |             10 |         2.00 |
|  nlms_hw_system_i/processing_system7_0/inst/FCLK_CLK0 | nlms_hw_system_i/axi_bram_ctrl_0/U0/gext_inst.abcv4_0_ext_inst/GEN_AXI4.I_FULL_AXI/I_WR_CHNL/I_WRAP_BRST/s_axi_wvalid_0[0]                                                                                  | nlms_hw_system_i/axi_bram_ctrl_0/U0/gext_inst.abcv4_0_ext_inst/GEN_AXI4.I_FULL_AXI/I_WR_CHNL/I_WRAP_BRST/s_axi_aresetn_0                                                                       |                5 |             10 |         2.00 |
|  nlms_hw_system_i/processing_system7_0/inst/FCLK_CLK0 | nlms_hw_system_i/axi_smc/inst/s00_entry_pipeline/s00_si_converter/inst/converter.wrap_narrow_inst/gen_thread_loop[0].r_payld_fifo/S00_AXI_rready[0]                                                         | nlms_hw_system_i/axi_smc/inst/s00_entry_pipeline/s00_si_converter/inst/areset                                                                                                                  |                5 |             10 |         2.00 |
|  nlms_hw_system_i/processing_system7_0/inst/FCLK_CLK0 | nlms_hw_system_i/axi_smc/inst/s00_entry_pipeline/s00_si_converter/inst/converter.wrap_narrow_inst/w_cmd_fifo/gen_srls[15].srl_nx1/shift                                                                     |                                                                                                                                                                                                |                3 |             11 |         3.67 |
|  nlms_hw_system_i/processing_system7_0/inst/FCLK_CLK0 | nlms_hw_system_i/axi_smc/inst/s00_entry_pipeline/s00_si_converter/inst/converter.wrap_narrow_inst/w_cmd_fifo/gen_pipelined.load_mesg                                                                        |                                                                                                                                                                                                |                3 |             11 |         3.67 |
|  nlms_hw_system_i/processing_system7_0/inst/FCLK_CLK0 | nlms_hw_system_i/axi_smc/inst/s00_entry_pipeline/s00_transaction_regulator/inst/gen_endpoint.gen_r_singleorder.r_singleorder/gen_id_fifo.singleorder_fifo/gen_pipelined.load_mesg                           |                                                                                                                                                                                                |                4 |             12 |         3.00 |
|  nlms_hw_system_i/processing_system7_0/inst/FCLK_CLK0 | nlms_hw_system_i/axi_smc/inst/s00_entry_pipeline/s00_transaction_regulator/inst/gen_endpoint.gen_w_singleorder.w_singleorder/gen_id_fifo.singleorder_fifo/gen_srls[11].srl_nx1/shift                        |                                                                                                                                                                                                |                3 |             12 |         4.00 |
|  nlms_hw_system_i/processing_system7_0/inst/FCLK_CLK0 | nlms_hw_system_i/axi_smc/inst/s00_nodes/s00_aw_node/inst/inst_si_handler/s_sc_valid                                                                                                                         | nlms_hw_system_i/axi_smc/inst/s00_nodes/s00_aw_node/inst/inst_mi_handler/areset_r                                                                                                              |                5 |             12 |         2.40 |
|  nlms_hw_system_i/processing_system7_0/inst/FCLK_CLK0 | nlms_hw_system_i/axi_smc/inst/s00_nodes/s00_b_node/inst/inst_si_handler/s_sc_valid                                                                                                                          | nlms_hw_system_i/axi_smc/inst/s00_nodes/s00_b_node/inst/inst_mi_handler/areset_r                                                                                                               |                5 |             12 |         2.40 |
|  nlms_hw_system_i/processing_system7_0/inst/FCLK_CLK0 | nlms_hw_system_i/axi_smc/inst/s00_nodes/s00_r_node/inst/inst_si_handler/s_sc_valid                                                                                                                          | nlms_hw_system_i/axi_smc/inst/s00_nodes/s00_r_node/inst/inst_mi_handler/areset_r                                                                                                               |                5 |             12 |         2.40 |
|  nlms_hw_system_i/processing_system7_0/inst/FCLK_CLK0 | nlms_hw_system_i/axi_smc/inst/s00_nodes/s00_w_node/inst/inst_si_handler/s_sc_valid                                                                                                                          | nlms_hw_system_i/axi_smc/inst/s00_nodes/s00_w_node/inst/inst_mi_handler/areset_r                                                                                                               |                4 |             12 |         3.00 |
|  nlms_hw_system_i/processing_system7_0/inst/FCLK_CLK0 | nlms_hw_system_i/axi_smc/inst/s00_nodes/s00_ar_node/inst/inst_si_handler/s_sc_valid                                                                                                                         | nlms_hw_system_i/axi_smc/inst/s00_nodes/s00_ar_node/inst/inst_mi_handler/areset_r                                                                                                              |                3 |             12 |         4.00 |
|  nlms_hw_system_i/processing_system7_0/inst/FCLK_CLK0 | nlms_hw_system_i/axi_smc/inst/s00_entry_pipeline/s00_mmu/inst/gen_endpoint.decerr_slave_inst/gen_axi.gen_read.s_axi_rid_i[11]_i_1_n_0                                                                       | nlms_hw_system_i/axi_smc/inst/s00_entry_pipeline/s00_mmu/inst/areset                                                                                                                           |                3 |             12 |         4.00 |
|  nlms_hw_system_i/processing_system7_0/inst/FCLK_CLK0 | nlms_hw_system_i/axi_smc/inst/s00_entry_pipeline/s00_mmu/inst/gen_endpoint.decerr_slave_inst/gen_axi.gen_write.s_axi_bid_i[11]_i_1_n_0                                                                      | nlms_hw_system_i/axi_smc/inst/s00_entry_pipeline/s00_mmu/inst/areset                                                                                                                           |                3 |             12 |         4.00 |
|  nlms_hw_system_i/processing_system7_0/inst/FCLK_CLK0 | nlms_hw_system_i/axi_smc/inst/s00_entry_pipeline/s00_transaction_regulator/inst/gen_endpoint.gen_r_singleorder.r_singleorder/gen_id_fifo.singleorder_fifo/gen_srls[11].srl_nx1/shift                        |                                                                                                                                                                                                |                4 |             12 |         3.00 |
|  nlms_hw_system_i/processing_system7_0/inst/FCLK_CLK0 | nlms_hw_system_i/axi_smc/inst/s00_entry_pipeline/s00_transaction_regulator/inst/gen_endpoint.gen_w_singleorder.w_singleorder/gen_id_fifo.singleorder_fifo/gen_pipelined.load_mesg                           |                                                                                                                                                                                                |                5 |             12 |         2.40 |
|  nlms_hw_system_i/processing_system7_0/inst/FCLK_CLK0 | nlms_hw_system_i/axi_smc/inst/s00_entry_pipeline/s00_si_converter/inst/converter.wrap_narrow_inst/gen_thread_loop[0].r_cmd_fifo/gen_srls[20].srl_nx1/shift                                                  |                                                                                                                                                                                                |                4 |             13 |         3.25 |
|  nlms_hw_system_i/processing_system7_0/inst/FCLK_CLK0 | nlms_hw_system_i/axi_smc/inst/s00_entry_pipeline/s00_si_converter/inst/converter.wrap_narrow_inst/gen_thread_loop[0].r_cmd_fifo/gen_pipelined.load_mesg                                                     |                                                                                                                                                                                                |                5 |             13 |         2.60 |
|  nlms_hw_system_i/processing_system7_0/inst/FCLK_CLK0 | nlms_hw_system_i/axi_bram_ctrl_0/U0/gext_inst.abcv4_0_ext_inst/GEN_AXI4.I_FULL_AXI/I_WR_CHNL/I_WRAP_BRST/E[0]                                                                                               | nlms_hw_system_i/axi_bram_ctrl_0/U0/gext_inst.abcv4_0_ext_inst/GEN_AXI4.I_FULL_AXI/I_RD_CHNL/GEN_NO_RD_CMD_OPT.I_WRAP_BRST/SR[0]                                                               |                5 |             13 |         2.60 |
|  nlms_hw_system_i/processing_system7_0/inst/FCLK_CLK0 | nlms_hw_system_i/axi_bram_ctrl_0/U0/gext_inst.abcv4_0_ext_inst/GEN_AXI4.I_FULL_AXI/I_WR_CHNL/wrdata_reg_ld                                                                                                  |                                                                                                                                                                                                |                4 |             16 |         4.00 |
|  nlms_hw_system_i/processing_system7_0/inst/FCLK_CLK0 | nlms_hw_system_i/nlms_top_0/inst/DUT/nlms_datapath_INST/multipliers_INST/mul_0/mul_stage_out_valid_r                                                                                                        | nlms_hw_system_i/axi_bram_ctrl_0/U0/gext_inst.abcv4_0_ext_inst/GEN_AXI4.I_FULL_AXI/I_RD_CHNL/GEN_NO_RD_CMD_OPT.I_WRAP_BRST/SR[0]                                                               |                8 |             16 |         2.00 |
|  nlms_hw_system_i/processing_system7_0/inst/FCLK_CLK0 | nlms_hw_system_i/nlms_top_0/inst/DUT/nlms_datapath_INST/multipliers_INST/mul_0/adaptation_coef_get_r_reg[0]                                                                                                 | nlms_hw_system_i/axi_bram_ctrl_0/U0/gext_inst.abcv4_0_ext_inst/GEN_AXI4.I_FULL_AXI/I_RD_CHNL/GEN_NO_RD_CMD_OPT.I_WRAP_BRST/SR[0]                                                               |                6 |             16 |         2.67 |
|  nlms_hw_system_i/processing_system7_0/inst/FCLK_CLK0 | nlms_hw_system_i/nlms_top_0/inst/DUT/nlms_datapath_INST/multipliers_INST/mul_0/fir_processing_r_reg[0]                                                                                                      | nlms_hw_system_i/axi_bram_ctrl_0/U0/gext_inst.abcv4_0_ext_inst/GEN_AXI4.I_FULL_AXI/I_RD_CHNL/GEN_NO_RD_CMD_OPT.I_WRAP_BRST/SR[0]                                                               |                3 |             16 |         5.33 |
|  nlms_hw_system_i/processing_system7_0/inst/FCLK_CLK0 | nlms_hw_system_i/nlms_top_0/inst/DUT/nlms_datapath_INST/multipliers_INST/mul_1/mul_stage_out_valid_r                                                                                                        | nlms_hw_system_i/axi_bram_ctrl_0/U0/gext_inst.abcv4_0_ext_inst/GEN_AXI4.I_FULL_AXI/I_RD_CHNL/GEN_NO_RD_CMD_OPT.I_WRAP_BRST/SR[0]                                                               |                6 |             16 |         2.67 |
|  nlms_hw_system_i/processing_system7_0/inst/FCLK_CLK0 | nlms_hw_system_i/nlms_top_0/inst/DUT/nlms_datapath_INST/nlms_product_processor_INST/E[0]                                                                                                                    | nlms_hw_system_i/axi_bram_ctrl_0/U0/gext_inst.abcv4_0_ext_inst/GEN_AXI4.I_FULL_AXI/I_RD_CHNL/GEN_NO_RD_CMD_OPT.I_WRAP_BRST/SR[0]                                                               |                4 |             16 |         4.00 |
|  nlms_hw_system_i/processing_system7_0/inst/FCLK_CLK0 | nlms_hw_system_i/axi_bram_ctrl_0/U0/gext_inst.abcv4_0_ext_inst/GEN_AXI4.I_FULL_AXI/I_RD_CHNL/axi_rdata_en                                                                                                   | nlms_hw_system_i/axi_bram_ctrl_0/U0/gext_inst.abcv4_0_ext_inst/GEN_AXI4.I_FULL_AXI/I_RD_CHNL/GEN_NO_RD_CMD_OPT.GEN_RDATA_NO_ECC.GEN_RDATA_NO_RL_NO_ECC.GEN_RDATA[31].axi_rdata_int[31]_i_1_n_0 |                2 |             16 |         8.00 |
|  nlms_hw_system_i/processing_system7_0/inst/FCLK_CLK0 | nlms_hw_system_i/axi_bram_ctrl_0/U0/gext_inst.abcv4_0_ext_inst/GEN_AXI4.I_FULL_AXI/I_RD_CHNL/rd_skid_buf_ld                                                                                                 | nlms_hw_system_i/axi_bram_ctrl_0/U0/gext_inst.abcv4_0_ext_inst/GEN_AXI4.I_FULL_AXI/I_RD_CHNL/GEN_NO_RD_CMD_OPT.I_WRAP_BRST/SR[0]                                                               |                3 |             16 |         5.33 |
|  nlms_hw_system_i/processing_system7_0/inst/FCLK_CLK0 | nlms_hw_system_i/nlms_top_0/inst/DUT/nlms_system_write_INST/access_to_mi_reg_c                                                                                                                              | nlms_hw_system_i/axi_bram_ctrl_0/U0/gext_inst.abcv4_0_ext_inst/GEN_AXI4.I_FULL_AXI/I_RD_CHNL/GEN_NO_RD_CMD_OPT.I_WRAP_BRST/SR[0]                                                               |                5 |             16 |         3.20 |
|  nlms_hw_system_i/processing_system7_0/inst/FCLK_CLK0 | nlms_hw_system_i/nlms_top_0/inst/DUT/nlms_system_write_INST/h_buff_temp_buff_r[1][15]_i_1_n_0                                                                                                               | nlms_hw_system_i/axi_bram_ctrl_0/U0/gext_inst.abcv4_0_ext_inst/GEN_AXI4.I_FULL_AXI/I_RD_CHNL/GEN_NO_RD_CMD_OPT.I_WRAP_BRST/SR[0]                                                               |                4 |             16 |         4.00 |
|  nlms_hw_system_i/processing_system7_0/inst/FCLK_CLK0 | nlms_hw_system_i/nlms_top_0/inst/DUT/nlms_system_write_INST/h_buff_temp_buff_r[2][15]_i_1_n_0                                                                                                               | nlms_hw_system_i/axi_bram_ctrl_0/U0/gext_inst.abcv4_0_ext_inst/GEN_AXI4.I_FULL_AXI/I_RD_CHNL/GEN_NO_RD_CMD_OPT.I_WRAP_BRST/SR[0]                                                               |                5 |             16 |         3.20 |
|  nlms_hw_system_i/processing_system7_0/inst/FCLK_CLK0 | nlms_hw_system_i/nlms_top_0/inst/DUT/nlms_system_write_INST/h_buff_temp_buff_r                                                                                                                              | nlms_hw_system_i/axi_bram_ctrl_0/U0/gext_inst.abcv4_0_ext_inst/GEN_AXI4.I_FULL_AXI/I_RD_CHNL/GEN_NO_RD_CMD_OPT.I_WRAP_BRST/SR[0]                                                               |                3 |             16 |         5.33 |
|  nlms_hw_system_i/processing_system7_0/inst/FCLK_CLK0 | nlms_hw_system_i/axi_smc/inst/s00_entry_pipeline/s00_si_converter/inst/converter.wrap_narrow_inst/w_shelve_d                                                                                                |                                                                                                                                                                                                |                5 |             17 |         3.40 |
|  nlms_hw_system_i/processing_system7_0/inst/FCLK_CLK0 | nlms_hw_system_i/axi_bram_ctrl_0/U0/gext_inst.abcv4_0_ext_inst/GEN_AXI4.I_FULL_AXI/I_RD_CHNL/araddr_pipe_ld49_out                                                                                           |                                                                                                                                                                                                |                9 |             20 |         2.22 |
|  nlms_hw_system_i/processing_system7_0/inst/FCLK_CLK0 | nlms_hw_system_i/axi_bram_ctrl_0/U0/gext_inst.abcv4_0_ext_inst/GEN_AXI4.I_FULL_AXI/I_WR_CHNL/GEN_AW_PIPE_DUAL.axi_awlen_pipe[7]_i_1_n_0                                                                     |                                                                                                                                                                                                |                4 |             21 |         5.25 |
|  nlms_hw_system_i/processing_system7_0/inst/FCLK_CLK0 | nlms_hw_system_i/axi_smc/inst/s00_entry_pipeline/s00_si_converter/inst/converter.wrap_narrow_inst/aw_reg_slice/m_vector_i                                                                                   |                                                                                                                                                                                                |                4 |             21 |         5.25 |
|  nlms_hw_system_i/processing_system7_0/inst/FCLK_CLK0 | nlms_hw_system_i/axi_smc/inst/s00_entry_pipeline/s00_si_converter/inst/converter.wrap_narrow_inst/aw_reg_slice/skid_buffer[1144]_i_1_n_0                                                                    |                                                                                                                                                                                                |                6 |             21 |         3.50 |
|  nlms_hw_system_i/processing_system7_0/inst/FCLK_CLK0 | nlms_hw_system_i/nlms_top_0/inst/DUT/nlms_system_write_INST/h_buff_waddr_en_c                                                                                                                               | nlms_hw_system_i/axi_bram_ctrl_0/U0/gext_inst.abcv4_0_ext_inst/GEN_AXI4.I_FULL_AXI/I_RD_CHNL/GEN_NO_RD_CMD_OPT.I_WRAP_BRST/SR[0]                                                               |                6 |             21 |         3.50 |
|  nlms_hw_system_i/processing_system7_0/inst/FCLK_CLK0 |                                                                                                                                                                                                             | nlms_hw_system_i/axi_smc/inst/s00_entry_pipeline/s00_mmu/inst/areset                                                                                                                           |               12 |             23 |         1.92 |
|  nlms_hw_system_i/processing_system7_0/inst/FCLK_CLK0 | nlms_hw_system_i/axi_smc/inst/s00_nodes/s00_aw_node/inst/inst_mi_handler/gen_normal_area.inst_fifo_node_payld/gen_xpm_memory_fifo.inst_fifo/gen_mem_rep[0].inst_rd_addrb/rd_addrb_incr                      | nlms_hw_system_i/axi_smc/inst/s00_nodes/s00_aw_node/inst/inst_mi_handler/m_sc_areset_r                                                                                                         |                7 |             25 |         3.57 |
|  nlms_hw_system_i/processing_system7_0/inst/FCLK_CLK0 | nlms_hw_system_i/axi_smc/inst/s00_entry_pipeline/s00_si_converter/inst/converter.wrap_narrow_inst/ar_reg_slice/m_vector_i                                                                                   |                                                                                                                                                                                                |                8 |             26 |         3.25 |
|  nlms_hw_system_i/processing_system7_0/inst/FCLK_CLK0 | nlms_hw_system_i/axi_smc/inst/s00_entry_pipeline/s00_si_converter/inst/converter.wrap_narrow_inst/w_payld_fifo/gen_srls[103].srl_nx1/push                                                                   |                                                                                                                                                                                                |                7 |             26 |         3.71 |
|  nlms_hw_system_i/processing_system7_0/inst/FCLK_CLK0 | nlms_hw_system_i/axi_smc/inst/s00_entry_pipeline/s00_si_converter/inst/converter.wrap_narrow_inst/ar_reg_slice/skid_buffer[1144]_i_1__0_n_0                                                                 |                                                                                                                                                                                                |                8 |             26 |         3.25 |
|  nlms_hw_system_i/processing_system7_0/inst/FCLK_CLK0 | nlms_hw_system_i/axi_smc/inst/s00_nodes/s00_w_node/inst/inst_mi_handler/gen_normal_area.inst_fifo_node_payld/gen_xpm_memory_fifo.inst_fifo/gen_mem_rep[0].inst_rd_addrb/rd_addrb_incr                       | nlms_hw_system_i/axi_smc/inst/s00_nodes/s00_w_node/inst/inst_mi_handler/m_sc_areset_r                                                                                                          |                8 |             27 |         3.38 |
|  nlms_hw_system_i/processing_system7_0/inst/FCLK_CLK0 | nlms_hw_system_i/axi_smc/inst/s00_entry_pipeline/s00_si_converter/inst/gen_normal.splitter_inst/gen_no_wsplitter.gen_endpoint_woffset.gen_wbypass_offset_fifo.wbypass_offset_fifo/E[0]                      |                                                                                                                                                                                                |                8 |             27 |         3.38 |
|  nlms_hw_system_i/processing_system7_0/inst/FCLK_CLK0 | nlms_hw_system_i/axi_smc/inst/s00_nodes/s00_ar_node/inst/inst_mi_handler/gen_normal_area.inst_fifo_node_payld/gen_xpm_memory_fifo.inst_fifo/gen_mem_rep[0].inst_rd_addrb/rd_addrb_incr                      | nlms_hw_system_i/axi_smc/inst/s00_nodes/s00_ar_node/inst/inst_mi_handler/m_sc_areset_r                                                                                                         |                8 |             28 |         3.50 |
|  nlms_hw_system_i/processing_system7_0/inst/FCLK_CLK0 | nlms_hw_system_i/nlms_top_0/inst/DUT/nlms_datapath_INST/multipliers_INST/MUL_N_GEN[3].mul_n/fir_y_en_c                                                                                                      | nlms_hw_system_i/axi_bram_ctrl_0/U0/gext_inst.abcv4_0_ext_inst/GEN_AXI4.I_FULL_AXI/I_RD_CHNL/GEN_NO_RD_CMD_OPT.I_WRAP_BRST/SR[0]                                                               |                8 |             32 |         4.00 |
|  nlms_hw_system_i/processing_system7_0/inst/FCLK_CLK0 | nlms_hw_system_i/nlms_top_0/inst/DUT/nlms_datapath_INST/multipliers_INST/MUL_N_GEN[3].mul_n/mul_stage_out_valid_r_reg_0[0]                                                                                  | nlms_hw_system_i/axi_bram_ctrl_0/U0/gext_inst.abcv4_0_ext_inst/GEN_AXI4.I_FULL_AXI/I_RD_CHNL/GEN_NO_RD_CMD_OPT.I_WRAP_BRST/SR[0]                                                               |               13 |             32 |         2.46 |
|  nlms_hw_system_i/processing_system7_0/inst/FCLK_CLK0 | nlms_hw_system_i/axi_smc/inst/s00_entry_pipeline/s00_mmu/inst/ar_reg_stall/m_vector_i                                                                                                                       |                                                                                                                                                                                                |                8 |             34 |         4.25 |
|  nlms_hw_system_i/processing_system7_0/inst/FCLK_CLK0 | nlms_hw_system_i/axi_smc/inst/s00_entry_pipeline/s00_si_converter/inst/converter.wrap_narrow_inst/gen_thread_loop[0].r_payld_fifo/gen_srls[38].srl_nx1/push                                                 |                                                                                                                                                                                                |                9 |             34 |         3.78 |
|  nlms_hw_system_i/processing_system7_0/inst/FCLK_CLK0 | nlms_hw_system_i/axi_smc/inst/s00_entry_pipeline/s00_si_converter/inst/converter.wrap_narrow_inst/r_shelf                                                                                                   |                                                                                                                                                                                                |               10 |             34 |         3.40 |
|  nlms_hw_system_i/processing_system7_0/inst/FCLK_CLK0 | nlms_hw_system_i/nlms_top_0/inst/DUT/nlms_datapath_INST/multipliers_INST/mul_0_input_data_valid_r                                                                                                           | nlms_hw_system_i/axi_bram_ctrl_0/U0/gext_inst.abcv4_0_ext_inst/GEN_AXI4.I_FULL_AXI/I_RD_CHNL/GEN_NO_RD_CMD_OPT.I_WRAP_BRST/SR[0]                                                               |               16 |             34 |         2.12 |
|  nlms_hw_system_i/processing_system7_0/inst/FCLK_CLK0 | nlms_hw_system_i/nlms_top_0/inst/DUT/nlms_datapath_INST/multipliers_INST/mul_1_input_data_valid_r                                                                                                           | nlms_hw_system_i/axi_bram_ctrl_0/U0/gext_inst.abcv4_0_ext_inst/GEN_AXI4.I_FULL_AXI/I_RD_CHNL/GEN_NO_RD_CMD_OPT.I_WRAP_BRST/SR[0]                                                               |               18 |             34 |         1.89 |
|  nlms_hw_system_i/processing_system7_0/inst/FCLK_CLK0 | nlms_hw_system_i/axi_smc/inst/s00_entry_pipeline/s00_mmu/inst/aw_reg_stall/skid_buffer[1144]_i_1__0_n_0                                                                                                     |                                                                                                                                                                                                |                6 |             34 |         5.67 |
|  nlms_hw_system_i/processing_system7_0/inst/FCLK_CLK0 | nlms_hw_system_i/axi_smc/inst/s00_entry_pipeline/s00_si_converter/inst/converter.wrap_narrow_inst/gen_thread_loop[0].r_payld_fifo/cmd_fifo/S00_AXI_rready[0]                                                |                                                                                                                                                                                                |                9 |             34 |         3.78 |
|  nlms_hw_system_i/processing_system7_0/inst/FCLK_CLK0 | nlms_hw_system_i/axi_smc/inst/s00_entry_pipeline/s00_mmu/inst/aw_reg_stall/m_vector_i                                                                                                                       |                                                                                                                                                                                                |                6 |             34 |         5.67 |
|  nlms_hw_system_i/processing_system7_0/inst/FCLK_CLK0 | nlms_hw_system_i/axi_smc/inst/s00_entry_pipeline/s00_mmu/inst/ar_reg_stall/skid_buffer[1144]_i_1_n_0                                                                                                        |                                                                                                                                                                                                |                8 |             34 |         4.25 |
|  nlms_hw_system_i/processing_system7_0/inst/FCLK_CLK0 | nlms_hw_system_i/axi_smc/inst/s00_nodes/s00_w_node/inst/inst_mi_handler/gen_normal_area.inst_fifo_node_payld/gen_xpm_memory_fifo.inst_fifo/wr_wea                                                           |                                                                                                                                                                                                |                5 |             40 |         8.00 |
|  nlms_hw_system_i/processing_system7_0/inst/FCLK_CLK0 | nlms_hw_system_i/axi_smc/inst/s00_nodes/s00_aw_node/inst/inst_mi_handler/gen_normal_area.inst_fifo_node_payld/gen_xpm_memory_fifo.inst_fifo/wr_wea                                                          |                                                                                                                                                                                                |                5 |             40 |         8.00 |
|  nlms_hw_system_i/processing_system7_0/inst/FCLK_CLK0 | nlms_hw_system_i/axi_smc/inst/s00_nodes/s00_r_node/inst/inst_mi_handler/gen_normal_area.inst_fifo_node_payld/gen_xpm_memory_fifo.inst_fifo/gen_mem_rep[0].inst_rd_addrb/rd_addrb_incr                       | nlms_hw_system_i/axi_smc/inst/s00_nodes/s00_r_node/inst/inst_mi_handler/m_sc_areset_r                                                                                                          |               10 |             40 |         4.00 |
|  nlms_hw_system_i/processing_system7_0/inst/FCLK_CLK0 |                                                                                                                                                                                                             | nlms_hw_system_i/axi_smc/inst/s00_entry_pipeline/s00_si_converter/inst/areset                                                                                                                  |               23 |             42 |         1.83 |
|  nlms_hw_system_i/processing_system7_0/inst/FCLK_CLK0 | nlms_hw_system_i/axi_smc/inst/s00_nodes/s00_ar_node/inst/inst_mi_handler/gen_normal_area.inst_fifo_node_payld/gen_xpm_memory_fifo.inst_fifo/wr_wea                                                          |                                                                                                                                                                                                |                6 |             48 |         8.00 |
|  nlms_hw_system_i/processing_system7_0/inst/FCLK_CLK0 | nlms_hw_system_i/nlms_top_0/inst/DUT/nlms_int_buff_control_INST/x_fifo_buff_INST/first_read_data_en_c                                                                                                       | nlms_hw_system_i/axi_bram_ctrl_0/U0/gext_inst.abcv4_0_ext_inst/GEN_AXI4.I_FULL_AXI/I_RD_CHNL/GEN_NO_RD_CMD_OPT.I_WRAP_BRST/SR[0]                                                               |               18 |             48 |         2.67 |
|  nlms_hw_system_i/processing_system7_0/inst/FCLK_CLK0 | nlms_hw_system_i/nlms_top_0/inst/DUT/nlms_int_buff_control_INST/x_fifo_buff_INST/tran_FIFO_FSM_PUSH_TO_FIFO__IDLE                                                                                           | nlms_hw_system_i/axi_bram_ctrl_0/U0/gext_inst.abcv4_0_ext_inst/GEN_AXI4.I_FULL_AXI/I_RD_CHNL/GEN_NO_RD_CMD_OPT.I_WRAP_BRST/SR[0]                                                               |               17 |             55 |         3.24 |
|  nlms_hw_system_i/processing_system7_0/inst/FCLK_CLK0 | nlms_hw_system_i/axi_smc/inst/s00_nodes/s00_r_node/inst/inst_mi_handler/gen_normal_area.inst_fifo_node_payld/gen_xpm_memory_fifo.inst_fifo/wr_wea                                                           |                                                                                                                                                                                                |                7 |             56 |         8.00 |
|  nlms_hw_system_i/processing_system7_0/inst/FCLK_CLK0 | nlms_hw_system_i/nlms_top_0/inst/DUT/nlms_datapath_INST/multipliers_INST/MUL_N_GEN[3].mul_n/adaptation_processing_r_reg[0]                                                                                  | nlms_hw_system_i/axi_bram_ctrl_0/U0/gext_inst.abcv4_0_ext_inst/GEN_AXI4.I_FULL_AXI/I_RD_CHNL/GEN_NO_RD_CMD_OPT.I_WRAP_BRST/SR[0]                                                               |               16 |             64 |         4.00 |
|  nlms_hw_system_i/processing_system7_0/inst/FCLK_CLK0 | nlms_hw_system_i/nlms_top_0/inst/DUT/nlms_datapath_INST/nlms_product_processor_INST/h_adapted_valid_r_reg_0[0]                                                                                              | nlms_hw_system_i/axi_bram_ctrl_0/U0/gext_inst.abcv4_0_ext_inst/GEN_AXI4.I_FULL_AXI/I_RD_CHNL/GEN_NO_RD_CMD_OPT.I_WRAP_BRST/SR[0]                                                               |               12 |             64 |         5.33 |
|  nlms_hw_system_i/processing_system7_0/inst/FCLK_CLK0 | nlms_hw_system_i/nlms_top_0/inst/DUT/nlms_int_buff_control_INST/x_fifo_buff_INST/x_fifo_re_d_r                                                                                                              | nlms_hw_system_i/axi_bram_ctrl_0/U0/gext_inst.abcv4_0_ext_inst/GEN_AXI4.I_FULL_AXI/I_RD_CHNL/GEN_NO_RD_CMD_OPT.I_WRAP_BRST/SR[0]                                                               |               20 |             64 |         3.20 |
|  nlms_hw_system_i/processing_system7_0/inst/FCLK_CLK0 | nlms_hw_system_i/nlms_top_0/inst/DUT/nlms_int_buff_control_INST/nlms_h_fetch_manager_INST/h_fetched_data_en_c                                                                                               | nlms_hw_system_i/axi_bram_ctrl_0/U0/gext_inst.abcv4_0_ext_inst/GEN_AXI4.I_FULL_AXI/I_RD_CHNL/GEN_NO_RD_CMD_OPT.I_WRAP_BRST/SR[0]                                                               |               10 |             64 |         6.40 |
|  nlms_hw_system_i/processing_system7_0/inst/FCLK_CLK0 | nlms_hw_system_i/nlms_top_0/inst/DUT/nlms_datapath_INST/multipliers_INST/mul_n_input_data_valid_r                                                                                                           | nlms_hw_system_i/axi_bram_ctrl_0/U0/gext_inst.abcv4_0_ext_inst/GEN_AXI4.I_FULL_AXI/I_RD_CHNL/GEN_NO_RD_CMD_OPT.I_WRAP_BRST/SR[0]                                                               |               33 |             66 |         2.00 |
|  nlms_hw_system_i/processing_system7_0/inst/FCLK_CLK0 |                                                                                                                                                                                                             |                                                                                                                                                                                                |               58 |            120 |         2.07 |
|  nlms_hw_system_i/processing_system7_0/inst/FCLK_CLK0 |                                                                                                                                                                                                             | nlms_hw_system_i/axi_bram_ctrl_0/U0/gext_inst.abcv4_0_ext_inst/GEN_AXI4.I_FULL_AXI/I_RD_CHNL/GEN_NO_RD_CMD_OPT.I_WRAP_BRST/SR[0]                                                               |               89 |            241 |         2.71 |
+-------------------------------------------------------+-------------------------------------------------------------------------------------------------------------------------------------------------------------------------------------------------------------+------------------------------------------------------------------------------------------------------------------------------------------------------------------------------------------------+------------------+----------------+--------------+


